[0] rows 17270 | keys.txt == reconstructed val_key_order.npy: True
    v3 s42 SWA re-dump vs analysis/out/probs_w01_flip: max |d| 0.0
    subsets: all 17270, frontal 11973, has_prior 5759, has_prior & frontal (PRIMARY) 4061, has_prior & study_not_in_train 2814, no_prior 11511, has_prior & patient_unseen (n small) 80
    B-late CV-w seed 42: w chosen [0.5, 0.5]
    B-late CV-w seed 1024: w chosen [0.5, 0.5]

[1] macro mAP by subset; d = arm - v3 (same seed), paired patient bootstrap 300x
    A mk1                s42   
        all                                    n 17270 cls 30 mAP 0.4587 | d -0.0063 (boot -0.0063 [-0.0144, +0.0001])
        frontal                                n 11973 cls 30 mAP 0.4791 | d -0.0084 (boot -0.0098 [-0.0262, +0.0041])
        has_prior                              n  5759 cls 30 mAP 0.4853 | d -0.0041 (boot -0.0036 [-0.0121, +0.0044])
        has_prior & frontal (PRIMARY)          n  4061 cls 30 mAP 0.4839 | d -0.0070 (boot -0.0075 [-0.0264, +0.0059])
        has_prior & study_not_in_train         n  2814 cls 30 mAP 0.4749 | d -0.0144 (boot -0.0138 [-0.0246, -0.0012])
        no_prior                               n 11511 cls 30 mAP 0.4477 | d -0.0052 (boot -0.0039 [-0.0166, +0.0064])
        has_prior & patient_unseen (n small)   n    80 cls 21 mAP 0.5807 | d -0.0183 (boot -0.0134 [-0.0644, +0.0456])
    A mk1fix             s42   
        all                                    n 17270 cls 30 mAP 0.4606 | d -0.0044 (boot -0.0042 [-0.0105, +0.0009])
        frontal                                n 11973 cls 30 mAP 0.4818 | d -0.0057 (boot -0.0060 [-0.0166, +0.0015])
        has_prior                              n  5759 cls 30 mAP 0.4857 | d -0.0037 (boot -0.0031 [-0.0151, +0.0055])
        has_prior & frontal (PRIMARY)          n  4061 cls 30 mAP 0.4880 | d -0.0029 (boot -0.0032 [-0.0162, +0.0055])
        has_prior & study_not_in_train         n  2814 cls 30 mAP 0.4844 | d -0.0049 (boot -0.0052 [-0.0237, +0.0053])
        no_prior                               n 11511 cls 30 mAP 0.4526 | d -0.0002 (boot -0.0002 [-0.0050, +0.0042])
        has_prior & patient_unseen (n small)   n    80 cls 21 mAP 0.6071 | d +0.0081 (boot -0.0015 [-0.0624, +0.0571])
    A mk2                s42   
        all                                    n 17270 cls 30 mAP 0.4622 | d -0.0028 (boot -0.0034 [-0.0138, +0.0049])
        frontal                                n 11973 cls 30 mAP 0.4846 | d -0.0029 (boot -0.0051 [-0.0259, +0.0101])
        has_prior                              n  5759 cls 30 mAP 0.4840 | d -0.0054 (boot -0.0047 [-0.0149, +0.0037])
        has_prior & frontal (PRIMARY)          n  4061 cls 30 mAP 0.4801 | d -0.0108 (boot -0.0101 [-0.0265, +0.0024])
        has_prior & study_not_in_train         n  2814 cls 30 mAP 0.4780 | d -0.0113 (boot -0.0106 [-0.0240, +0.0024])
        no_prior                               n 11511 cls 30 mAP 0.4508 | d -0.0021 (boot -0.0017 [-0.0162, +0.0112])
        has_prior & patient_unseen (n small)   n    80 cls 21 mAP 0.5790 | d -0.0200 (boot -0.0168 [-0.0694, +0.0282])
    A-strong mk1 lr100   s42   
        all                                    n 17270 cls 30 mAP 0.4616 | d -0.0034 (boot -0.0034 [-0.0115, +0.0044])
        frontal                                n 11973 cls 30 mAP 0.4903 | d +0.0028 (boot +0.0009 [-0.0118, +0.0154])
        has_prior                              n  5759 cls 30 mAP 0.4831 | d -0.0063 (boot -0.0046 [-0.0168, +0.0139])
        has_prior & frontal (PRIMARY)          n  4061 cls 30 mAP 0.4801 | d -0.0108 (boot -0.0094 [-0.0320, +0.0112])
        has_prior & study_not_in_train         n  2814 cls 30 mAP 0.4814 | d -0.0079 (boot -0.0068 [-0.0226, +0.0142])
        no_prior                               n 11511 cls 30 mAP 0.4526 | d -0.0003 (boot -0.0002 [-0.0053, +0.0063])
        has_prior & patient_unseen (n small)   n    80 cls 21 mAP 0.6162 | d +0.0172 (boot +0.0079 [-0.0444, +0.0664])
    B-early              s42   
        all                                    n 17270 cls 30 mAP 0.4839 | d +0.0189 (boot +0.0192 [+0.0106, +0.0284])
        frontal                                n 11973 cls 30 mAP 0.5055 | d +0.0180 (boot +0.0171 [+0.0028, +0.0323])
        has_prior                              n  5759 cls 30 mAP 0.5276 | d +0.0382 (boot +0.0402 [+0.0281, +0.0541])
        has_prior & frontal (PRIMARY)          n  4061 cls 30 mAP 0.5179 | d +0.0270 (boot +0.0295 [+0.0081, +0.0497])
        has_prior & study_not_in_train         n  2814 cls 30 mAP 0.5284 | d +0.0391 (boot +0.0410 [+0.0184, +0.0644])
        no_prior                               n 11511 cls 30 mAP 0.4562 | d +0.0033 (boot +0.0035 [-0.0060, +0.0286])
        has_prior & patient_unseen (n small)   n    80 cls 21 mAP 0.6126 | d +0.0136 (boot +0.0185 [-0.0436, +0.0798])
    B-early0             s42   
        all                                    n 17270 cls 30 mAP 0.4624 | d -0.0026 (boot -0.0023 [-0.0109, +0.0075])
        frontal                                n 11973 cls 30 mAP 0.4858 | d -0.0017 (boot -0.0017 [-0.0169, +0.0125])
        has_prior                              n  5759 cls 30 mAP 0.4811 | d -0.0083 (boot -0.0069 [-0.0171, +0.0024])
        has_prior & frontal (PRIMARY)          n  4061 cls 30 mAP 0.4783 | d -0.0126 (boot -0.0114 [-0.0288, +0.0020])
        has_prior & study_not_in_train         n  2814 cls 30 mAP 0.4734 | d -0.0159 (boot -0.0140 [-0.0286, -0.0006])
        no_prior                               n 11511 cls 30 mAP 0.4562 | d +0.0033 (boot +0.0035 [-0.0060, +0.0286])
        has_prior & patient_unseen (n small)   n    80 cls 21 mAP 0.5774 | d -0.0215 (boot -0.0193 [-0.0595, +0.0152])
    B-late CV-w          s42   
        all                                    n 17270 cls 30 mAP 0.4882 | d +0.0232 (boot +0.0228 [+0.0129, +0.0343])
        frontal                                n 11973 cls 30 mAP 0.5077 | d +0.0202 (boot +0.0182 [-0.0006, +0.0352])
        has_prior                              n  5759 cls 30 mAP 0.5454 | d +0.0560 (boot +0.0565 [+0.0420, +0.0777])
        has_prior & frontal (PRIMARY)          n  4061 cls 30 mAP 0.5402 | d +0.0493 (boot +0.0494 [+0.0321, +0.0715])
        has_prior & study_not_in_train         n  2814 cls 30 mAP 0.5538 | d +0.0645 (boot +0.0668 [+0.0446, +0.0975])
        no_prior                               n 11511 cls 30 mAP 0.4529 | d +0.0000 (boot +0.0000 [+0.0000, +0.0000])
        has_prior & patient_unseen (n small)   n    80 cls 21 mAP 0.6529 | d +0.0539 (boot +0.0543 [-0.0116, +0.1210])
    B-late w1            s42   
        all                                    n 17270 cls 30 mAP 0.4721 | d +0.0071 (boot +0.0063 [-0.0066, +0.0196])
        frontal                                n 11973 cls 30 mAP 0.4904 | d +0.0029 (boot +0.0001 [-0.0200, +0.0197])
        has_prior                              n  5759 cls 30 mAP 0.5275 | d +0.0381 (boot +0.0398 [+0.0135, +0.0636])
        has_prior & frontal (PRIMARY)          n  4061 cls 30 mAP 0.5278 | d +0.0370 (boot +0.0368 [+0.0156, +0.0598])
        has_prior & study_not_in_train         n  2814 cls 30 mAP 0.5457 | d +0.0564 (boot +0.0581 [+0.0278, +0.0903])
        no_prior                               n 11511 cls 30 mAP 0.4529 | d +0.0000 (boot +0.0000 [+0.0000, +0.0000])
        has_prior & patient_unseen (n small)   n    80 cls 21 mAP 0.6330 | d +0.0341 (boot +0.0355 [-0.0484, +0.1085])
    v3                   s42   
        all                                    n 17270 cls 30 mAP 0.4650
        frontal                                n 11973 cls 30 mAP 0.4875
        has_prior                              n  5759 cls 30 mAP 0.4894
        has_prior & frontal (PRIMARY)          n  4061 cls 30 mAP 0.4909
        has_prior & study_not_in_train         n  2814 cls 30 mAP 0.4893
        no_prior                               n 11511 cls 30 mAP 0.4529
        has_prior & patient_unseen (n small)   n    80 cls 21 mAP 0.5990
    B-early              s1024 
        all                                    n 17270 cls 30 mAP 0.4820 | d +0.0194 (boot +0.0199 [+0.0111, +0.0289])
        frontal                                n 11973 cls 30 mAP 0.5055 | d +0.0194 (boot +0.0191 [+0.0103, +0.0323])
        has_prior                              n  5759 cls 30 mAP 0.5265 | d +0.0458 (boot +0.0466 [+0.0361, +0.0577])
        has_prior & frontal (PRIMARY)          n  4061 cls 30 mAP 0.5171 | d +0.0380 (boot +0.0399 [+0.0265, +0.0547])
        has_prior & study_not_in_train         n  2814 cls 30 mAP 0.5287 | d +0.0509 (boot +0.0526 [+0.0346, +0.0710])
        no_prior                               n 11511 cls 30 mAP 0.4548 | d +0.0014 (boot +0.0016 [-0.0046, +0.0112])
        has_prior & patient_unseen (n small)   n    80 cls 21 mAP 0.6669 | d +0.0641 (boot +0.0512 [-0.0323, +0.1326])
    B-early0             s1024 
        all                                    n 17270 cls 30 mAP 0.4663 | d +0.0037 (boot +0.0029 [-0.0029, +0.0106])
        frontal                                n 11973 cls 30 mAP 0.4920 | d +0.0058 (boot +0.0052 [-0.0049, +0.0205])
        has_prior                              n  5759 cls 30 mAP 0.4830 | d +0.0023 (boot +0.0008 [-0.0067, +0.0071])
        has_prior & frontal (PRIMARY)          n  4061 cls 30 mAP 0.4838 | d +0.0047 (boot +0.0036 [-0.0071, +0.0210])
        has_prior & study_not_in_train         n  2814 cls 30 mAP 0.4807 | d +0.0029 (boot +0.0017 [-0.0078, +0.0126])
        no_prior                               n 11511 cls 30 mAP 0.4548 | d +0.0014 (boot +0.0016 [-0.0046, +0.0112])
        has_prior & patient_unseen (n small)   n    80 cls 21 mAP 0.6105 | d +0.0077 (boot -0.0027 [-0.0555, +0.0435])
    B-late CV-w          s1024 
        all                                    n 17270 cls 30 mAP 0.4855 | d +0.0229 (boot +0.0235 [+0.0118, +0.0362])
        frontal                                n 11973 cls 30 mAP 0.5040 | d +0.0179 (boot +0.0189 [+0.0006, +0.0370])
        has_prior                              n  5759 cls 30 mAP 0.5422 | d +0.0614 (boot +0.0608 [+0.0446, +0.0788])
        has_prior & frontal (PRIMARY)          n  4061 cls 30 mAP 0.5354 | d +0.0564 (boot +0.0567 [+0.0359, +0.0788])
        has_prior & study_not_in_train         n  2814 cls 30 mAP 0.5477 | d +0.0699 (boot +0.0723 [+0.0467, +0.0995])
        no_prior                               n 11511 cls 30 mAP 0.4534 | d +0.0000 (boot +0.0000 [+0.0000, +0.0000])
        has_prior & patient_unseen (n small)   n    80 cls 21 mAP 0.6632 | d +0.0604 (boot +0.0590 [-0.0265, +0.1353])
    B-late w1            s1024 
        all                                    n 17270 cls 30 mAP 0.4712 | d +0.0086 (boot +0.0096 [-0.0043, +0.0245])
        frontal                                n 11973 cls 30 mAP 0.4888 | d +0.0026 (boot +0.0020 [-0.0209, +0.0221])
        has_prior                              n  5759 cls 30 mAP 0.5289 | d +0.0481 (boot +0.0509 [+0.0260, +0.0732])
        has_prior & frontal (PRIMARY)          n  4061 cls 30 mAP 0.5259 | d +0.0468 (boot +0.0472 [+0.0243, +0.0711])
        has_prior & study_not_in_train         n  2814 cls 30 mAP 0.5441 | d +0.0663 (boot +0.0684 [+0.0395, +0.0964])
        no_prior                               n 11511 cls 30 mAP 0.4534 | d +0.0000 (boot +0.0000 [+0.0000, +0.0000])
        has_prior & patient_unseen (n small)   n    80 cls 21 mAP 0.6421 | d +0.0393 (boot +0.0396 [-0.0640, +0.1305])
    v3                   s1024 
        all                                    n 17270 cls 30 mAP 0.4626
        frontal                                n 11973 cls 30 mAP 0.4862
        has_prior                              n  5759 cls 30 mAP 0.4807
        has_prior & frontal (PRIMARY)          n  4061 cls 30 mAP 0.4791
        has_prior & study_not_in_train         n  2814 cls 30 mAP 0.4779
        no_prior                               n 11511 cls 30 mAP 0.4534
        has_prior & patient_unseen (n small)   n    80 cls 21 mAP 0.6028

[2] B-early vs B-late (paired patient bootstrap)
    s42 B-early - B-late w1    on has_prior                       : +0.0001 (boot -0.0009 [-0.0254, +0.0251])
    s42 B-early - B-late w1    on has_prior & frontal (PRIMARY)   : -0.0099 (boot -0.0077 [-0.0279, +0.0163])
    s42 B-early - B-late CV-w  on has_prior                       : -0.0177 (boot -0.0168 [-0.0354, +0.0002])
    s42 B-early - B-late CV-w  on has_prior & frontal (PRIMARY)   : -0.0222 (boot -0.0205 [-0.0385, +0.0014])
    s1024 B-early - B-late w1    on has_prior                       : -0.0024 (boot -0.0061 [-0.0298, +0.0177])
    s1024 B-early - B-late w1    on has_prior & frontal (PRIMARY)   : -0.0088 (boot -0.0078 [-0.0278, +0.0162])
    s1024 B-early - B-late CV-w  on has_prior                       : -0.0157 (boot -0.0155 [-0.0382, +0.0004])
    s1024 B-early - B-late CV-w  on has_prior & frontal (PRIMARY)   : -0.0184 (boot -0.0173 [-0.0372, +0.0070])

[3] stratified AP on has-prior rows (classes with >= 5 pos and neg per stratum)
    prior-negative: new vs absent | classes 28
        A mk1                s42    0.3674 | d +0.0048 (boot +0.0044 [-0.0021, +0.0124])
        A mk1fix             s42    0.3647 | d +0.0021 (boot +0.0023 [-0.0071, +0.0105])
        A mk2                s42    0.3617 | d -0.0010 (boot -0.0005 [-0.0082, +0.0062])
        A-strong mk1 lr100   s42    0.3599 | d -0.0028 (boot -0.0032 [-0.0122, +0.0027])
        B-early              s42    0.3684 | d +0.0057 (boot +0.0064 [+0.0011, +0.0138])
        B-early0             s42    0.3645 | d +0.0019 (boot +0.0027 [-0.0029, +0.0096])
        B-late CV-w          s42    0.3626 | d +0.0000 (boot +0.0000 [-0.0000, +0.0000])
        B-late w1            s42    0.3626 | d +0.0000 (boot +0.0000 [-0.0000, +0.0000])
        v3                   s42    0.3626
        B-early              s1024  0.3610 | d +0.0012 (boot +0.0013 [-0.0065, +0.0071])
        B-early0             s1024  0.3582 | d -0.0017 (boot -0.0021 [-0.0091, +0.0030])
        B-late CV-w          s1024  0.3598 | d +0.0000 (boot -0.0000 [+0.0000, +0.0000])
        B-late w1            s1024  0.3598 | d +0.0000 (boot -0.0000 [-0.0000, +0.0000])
        v3                   s1024  0.3598
    prior-positive: persistent vs resolved | classes 26
        A mk1                s42    0.7446 | d -0.0014 (boot -0.0002 [-0.0060, +0.0048])
        A mk1fix             s42    0.7423 | d -0.0037 (boot -0.0027 [-0.0103, +0.0044])
        A mk2                s42    0.7446 | d -0.0015 (boot -0.0012 [-0.0079, +0.0058])
        A-strong mk1 lr100   s42    0.7443 | d -0.0017 (boot -0.0007 [-0.0088, +0.0065])
        B-early              s42    0.7401 | d -0.0059 (boot -0.0039 [-0.0123, +0.0041])
        B-early0             s42    0.7430 | d -0.0030 (boot -0.0017 [-0.0084, +0.0053])
        B-late CV-w          s42    0.7460 | d -0.0000 (boot -0.0000 [-0.0000, +0.0000])
        B-late w1            s42    0.7460 | d -0.0000 (boot -0.0000 [-0.0000, +0.0000])
        v3                   s42    0.7460
        B-early              s1024  0.7443 | d -0.0017 (boot -0.0010 [-0.0077, +0.0064])
        B-early0             s1024  0.7441 | d -0.0019 (boot -0.0013 [-0.0070, +0.0060])
        B-late CV-w          s1024  0.7460 | d -0.0000 (boot +0.0000 [-0.0000, +0.0000])
        B-late w1            s1024  0.7460 | d +0.0000 (boot +0.0000 [-0.0000, +0.0000])
        v3                   s1024  0.7460

[4] per-class dAP vs v3 on has_prior & frontal (PRIMARY)
    A mk1                s42    head -0.0016 (2/3 up) | medium +0.0026 (11/20 up) | tail -0.0365 (4/7 up)
    A mk1fix             s42    head +0.0003 (2/3 up) | medium +0.0000 (10/20 up) | tail -0.0126 (3/7 up)
    A mk2                s42    head -0.0018 (1/3 up) | medium +0.0025 (13/20 up) | tail -0.0529 (1/7 up)
    A-strong mk1 lr100   s42    head +0.0003 (2/3 up) | medium +0.0005 (11/20 up) | tail -0.0479 (1/7 up)
    B-early              s42    head +0.0175 (3/3 up) | medium +0.0360 (20/20 up) | tail +0.0055 (5/7 up)
    B-early0             s42    head +0.0014 (2/3 up) | medium -0.0033 (8/20 up) | tail -0.0451 (3/7 up)
    B-late CV-w          s42    head +0.0130 (3/3 up) | medium +0.0398 (17/20 up) | tail +0.0918 (6/7 up)
    B-late w1            s42    head -0.0008 (1/3 up) | medium +0.0286 (15/20 up) | tail +0.0770 (6/7 up)
    B-early              s1024  head +0.0122 (3/3 up) | medium +0.0361 (18/20 up) | tail +0.0546 (6/7 up)
    B-early0             s1024  head -0.0044 (0/3 up) | medium -0.0029 (5/20 up) | tail +0.0302 (4/7 up)
    B-late CV-w          s1024  head +0.0133 (3/3 up) | medium +0.0388 (17/20 up) | tail +0.1250 (6/7 up)
    B-late w1            s1024  head -0.0000 (1/3 up) | medium +0.0284 (16/20 up) | tail +0.1197 (6/7 up)

[5] decision (rule fixed in docs/plan/2026-09-30-markov-ab-training-plan.md)
    A mk1                primary d s42 -0.0070 CI [-0.0264, +0.0059] | s1024 n/a (one seed) | qualifies: False
    A mk2                primary d s42 -0.0108 CI [-0.0265, +0.0024] | s1024 n/a (one seed) | qualifies: False
    A mk1fix             primary d s42 -0.0029 CI [-0.0162, +0.0055] | s1024 n/a (one seed) | qualifies: False
    A-strong mk1 lr100   primary d s42 -0.0108 CI [-0.0320, +0.0112] | s1024 n/a (one seed) | qualifies: False
    B-late w1            primary d s42 +0.0370 CI [+0.0156, +0.0598] | s1024 +0.0468 | qualifies: True
    B-late CV-w          primary d s42 +0.0493 CI [+0.0321, +0.0715] | s1024 +0.0564 | qualifies: True
    B-early              primary d s42 +0.0270 CI [+0.0081, +0.0497] | s1024 +0.0380 | qualifies: True
    B-early s42: guard 1 (no-prior not worse) True | guard 2 (new findings not worse) True
    B-early s1024: guard 1 (no-prior not worse) True | guard 2 (new findings not worse) True
    INTERNAL WINNER (longitudinal simulation): B-late CV-w
    leaderboard-usable arms (no patient history needed), d vs v3 on all / frontal val:
        A mk1                s42    all -0.0063 -0.0063 [-0.0144, +0.0001] | frontal -0.0084 -0.0098 [-0.0262, +0.0041]
        A mk2                s42    all -0.0028 -0.0034 [-0.0138, +0.0049] | frontal -0.0029 -0.0051 [-0.0259, +0.0101]
        A mk1fix             s42    all -0.0044 -0.0042 [-0.0105, +0.0009] | frontal -0.0057 -0.0060 [-0.0166, +0.0015]
        A-strong mk1 lr100   s42    all -0.0034 -0.0034 [-0.0115, +0.0044] | frontal +0.0028 +0.0009 [-0.0118, +0.0154]
        B-early0             s42    all -0.0026 -0.0023 [-0.0109, +0.0075] | frontal -0.0017 -0.0017 [-0.0169, +0.0125]
        B-early0             s1024  all +0.0037 +0.0029 [-0.0029, +0.0106] | frontal +0.0058 +0.0052 [-0.0049, +0.0205]

wrote /home/psytp7/ISBI_2026/analysis/out/markov_ab/results.json
