srun: Setting default QoS for your account: core.
train images 103305 | patients 50604 | val images 17274
studies 75819 | (patient, date) states 74782 | excluded ambiguous studies 1

[1] univariate screen (train fold): strongest field per class by Cramer's V
    Normal                         head   age V=0.447 (top '(76.0, 105.0]' logOR -1.79 [-1.84,-1.73]) | gap_days V=0.286 (top '(0.999, 3.0]' logOR -2.78 [-2.91,-2.64]) | study_acuity V=0.281 (top 'AP_horizontal' logOR -2.14 [-2.23,-2.05])
    pleural effusion               head   gap_days V=0.269 (top '(0.999, 3.0]' logOR +1.59 [+1.52,+1.69]) | SpatialResolution_DICOM V=0.224 (top '0.15' logOR -1.44 [-2.02,-0.96]) | study_acuity V=0.223 (top 'AP_horizontal' logOR +1.42 [+1.36,+1.49])
    cardiomegaly                   head   age V=0.271 (top '(-0.001, 42.0]' logOR -2.39 [-2.58,-2.24]) | RelativeXRayExposure_DICOM V=0.083 (top '(-1.24, -0.23]' logOR -0.54 [-0.61,-0.47]) | XRayTubeCurrent_DICOM V=0.071 (top '0' logOR +0.47 [+0.41,+0.54])
    Support Devices                medium study_acuity V=0.528 (top 'PA/L' logOR -3.34 [-3.44,-3.25]) | projection V=0.504 (top 'AP_horizontal' logOR +2.95 [+2.88,+3.03]) | gap_days V=0.447 (top '(0.999, 3.0]' logOR +2.83 [+2.73,+2.90])
    aortic elongation              medium age V=0.264 (top '(-0.001, 42.0]' logOR -4.32 [-4.89,-3.94]) | gap_days V=0.092 (top '(0.999, 3.0]' logOR -1.83 [-2.06,-1.62]) | RelativeXRayExposure_DICOM V=0.087 (top '(-4.651000000000001, -1.24]' logOR +0.67 [+0.62,+0.72])
    Nodule                         medium age V=0.096 (top '(-0.001, 42.0]' logOR -1.16 [-1.27,-1.06]) | ExposureTime V=0.090 (top '(-0.001, 4.0]' logOR +0.37 [+0.29,+0.45]) | XRayTubeCurrent_DICOM V=0.090 (top '0' logOR +0.38 [+0.30,+0.46])
    interstitial pattern           medium study_acuity V=0.176 (top 'PA/L' logOR -1.37 [-1.44,-1.28]) | projection V=0.153 (top 'COSTAL' logOR -1.28 [-2.50,-0.59]) | SpatialResolution_DICOM V=0.140 (top '0.15' logOR +1.15 [+0.97,+1.33])
    alveolar pattern               medium study_acuity V=0.333 (top 'PA/L' logOR -2.34 [-2.41,-2.25]) | gap_days V=0.310 (top '(0.999, 3.0]' logOR +2.25 [+2.15,+2.34]) | projection V=0.300 (top 'AP_horizontal' logOR +2.10 [+2.02,+2.19])
    atelectasis                    medium gap_days V=0.134 (top '(0.999, 3.0]' logOR +1.12 [+1.01,+1.23]) | study_acuity V=0.132 (top 'PA/L' logOR -1.09 [-1.17,-1.02]) | projection V=0.116 (top 'AP_horizontal' logOR +1.01 [+0.91,+1.09])
    hyperinflated lung             medium projection V=0.090 (top 'AP_horizontal' logOR -2.38 [-2.68,-2.11]) | study_acuity V=0.080 (top 'AP_horizontal' logOR -2.31 [-2.66,-2.05]) | RelativeXRayExposure_DICOM V=0.075 (top '(-4.651000000000001, -1.24]' logOR -0.66 [-0.77,-0.57])
    central venous catheter        medium study_acuity V=0.495 (top 'PA/L' logOR -4.21 [-4.35,-4.09]) | projection V=0.494 (top 'AP_horizontal' logOR +3.52 [+3.43,+3.61]) | gap_days V=0.429 (top '(0.999, 3.0]' logOR +2.91 [+2.84,+3.00])
    vertebral degenerative changes medium age V=0.113 (top '(-0.001, 42.0]' logOR -2.31 [-2.56,-2.09]) | projection V=0.088 (top 'AP_horizontal' logOR -2.79 [-3.17,-2.49]) | SpatialResolution_DICOM V=0.085 (top '0.15' logOR -4.63 [-4.72,-4.53])
    vascular hilar enlargement     medium age V=0.109 (top '(-0.001, 42.0]' logOR -1.56 [-1.73,-1.41]) | SpatialResolution_DICOM V=0.072 (top '0.2000000029802' logOR -1.00 [-1.38,-0.71]) | study_year V=0.062 (top '2015' logOR +0.60 [+0.48,+0.73])
    pleural thickening             medium age V=0.108 (top '(-0.001, 42.0]' logOR -1.97 [-2.26,-1.69]) | ExposureTime V=0.064 (top '(10.0, 25.0]' logOR +0.37 [+0.28,+0.46]) | Exposure_DICOM V=0.064 (top '(8.0, 126.0]' logOR +0.35 [+0.26,+0.44])
    fracture                       medium projection V=0.101 (top 'COSTAL' logOR +2.58 [+2.28,+2.87]) | age V=0.071 (top '(-0.001, 42.0]' logOR -1.25 [-1.43,-1.06]) | SpatialResolution_DICOM V=0.050 (top '0.15' logOR -1.96 [-3.20,-1.34])
    hypoexpansion                  medium age V=0.054 (top '(-0.001, 42.0]' logOR -0.89 [-1.05,-0.73]) | gap_days V=0.044 (top '(40.0, 247.0]' logOR +0.46 [+0.30,+0.62]) | sex V=0.040 (top 'M' logOR +0.49 [+0.37,+0.58])
    Kyphosis                       medium age V=0.113 (top '(-0.001, 42.0]' logOR -2.13 [-2.44,-1.87]) | projection V=0.089 (top 'AP_horizontal' logOR -4.14 [-5.42,-3.56]) | SpatialResolution_DICOM V=0.068 (top '0.15' logOR -4.26 [-4.36,-4.14])
    hemidiaphragm elevation        medium age V=0.077 (top '(-0.001, 42.0]' logOR -1.60 [-1.85,-1.36]) | gap_days V=0.035 (top '(0.999, 3.0]' logOR -0.91 [-1.24,-0.63]) | RelativeXRayExposure_DICOM V=0.035 (top '(-1.24, -0.23]' logOR -0.42 [-0.53,-0.29])
    sternotomy                     medium age V=0.106 (top '(-0.001, 42.0]' logOR -2.19 [-2.54,-1.87]) | sex V=0.053 (top 'M' logOR +0.77 [+0.59,+0.95]) | gap_days V=0.050 (top '(40.0, 247.0]' logOR +0.66 [+0.49,+0.82])
    bronchiectasis                 medium age V=0.075 (top '(-0.001, 42.0]' logOR -1.21 [-1.59,-0.93]) | ExposureTime V=0.058 (top '(10.0, 25.0]' logOR +0.68 [+0.59,+0.75]) | gap_days V=0.057 (top '(0.999, 3.0]' logOR -1.85 [-2.47,-1.44])
    Hernia                         medium age V=0.111 (top '(-0.001, 42.0]' logOR -2.84 [-3.55,-2.28]) | Rows_DICOM V=0.040 (top '(771.999, 1740.0]' logOR +0.56 [+0.44,+0.68]) | gap_days V=0.034 (top '(0.999, 3.0]' logOR -1.02 [-1.48,-0.58])
    aortic atheromatosis           medium age V=0.134 (top '(-0.001, 42.0]' logOR -6.31 [-6.38,-6.25]) | study_year V=0.122 (top '2017' logOR +1.73 [+1.54,+1.89]) | SpatialResolution_DICOM V=0.094 (top '0.15' logOR -3.48 [-3.57,-3.36])
    Emphysema                      medium sex V=0.051 (top 'M' logOR +1.08 [+0.89,+1.26]) | age V=0.051 (top '(-0.001, 42.0]' logOR -1.58 [-1.95,-1.28]) | RelativeXRayExposure_DICOM V=0.036 (top '(-4.651000000000001, -1.24]' logOR -0.99 [-1.21,-0.81])
    calcified densities            tail   age V=0.051 (top '(-0.001, 42.0]' logOR -1.36 [-1.74,-1.00]) | Exposure_DICOM V=0.030 (top '(-0.001, 1.0]' logOR +0.46 [+0.19,+0.66]) | ExposureTime V=0.029 (top '(-0.001, 4.0]' logOR +0.47 [+0.20,+0.69])
    Pneumothorax                   tail   SpatialResolution_DICOM V=0.101 (top '0.15' logOR +2.66 [+1.94,+3.12]) | RelativeXRayExposure_DICOM V=0.065 (top '(-4.651000000000001, -1.24]' logOR -2.76 [-4.02,-2.12]) | WindowCenter_DICOM V=0.062 (top '(2009.0, 2047.0]' logOR +2.17 [+1.87,+2.55])
    azygos lobe                    tail   age V=0.024 (top '(76.0, 105.0]' logOR -1.04 [-1.64,-0.58]) | study_acuity V=0.017 (top 'AP' logOR -2.99 [-3.14,-2.82]) | projection V=0.016 (top 'AP' logOR -3.07 [-3.23,-2.88])
    Mass                           tail   SpatialResolution_DICOM V=0.036 (top '0.15' logOR +1.74 [+0.86,+2.29]) | pediatric V=0.030 (top 'No' logOR -2.71 [-3.31,-1.70]) | age V=0.019 (top '(42.0, 56.0]' logOR -0.93 [-1.48,-0.53])
    Subcutaneous Emphysema         tail   study_acuity V=0.064 (top 'PA/L' logOR -2.52 [-3.01,-2.13]) | gap_days V=0.063 (top '(0.999, 3.0]' logOR +2.06 [+1.78,+2.33]) | projection V=0.058 (top 'AP_horizontal' logOR +2.05 [+1.62,+2.52])
    pneumoperitoneo                tail   SpatialResolution_DICOM V=0.031 (top '0.148' logOR -1.93 [-2.27,-1.52]) | gap_days V=0.029 (top '(3.0, 40.0]' logOR +2.00 [+1.26,+2.54]) | study_acuity V=0.028 (top 'AP_horizontal' logOR +2.01 [+1.36,+2.59])
    Hydropneumothorax              tail   SpatialResolution_DICOM V=0.029 (top '0.143' logOR +2.40 [+1.58,+3.25]) | XRayTubeCurrent_DICOM V=0.028 (top '0' logOR +2.37 [+1.54,+3.21]) | ExposureTime V=0.028 (top '(-0.001, 4.0]' logOR +2.40 [+1.58,+3.22])

    by field (max / mean Cramer's V over classes, classes with q_BH < 0.05):
      study_acuity                     study max V 0.528 | mean V 0.104 | max MI 0.1465 bits | sig classes 27/30
      projection                       image max V 0.504 | mean V 0.102 | max MI 0.1178 bits | sig classes 28/30
      age                              study max V 0.447 | mean V 0.104 | max MI 0.1522 bits | sig classes 28/30
      gap_days                         study max V 0.447 | mean V 0.103 | max MI 0.0934 bits | sig classes 28/30
      SpatialResolution_DICOM          image max V 0.406 | mean V 0.099 | max MI 0.0859 bits | sig classes 30/30
      RelativeXRayExposure_DICOM       image max V 0.304 | mean V 0.076 | max MI 0.0583 bits | sig classes 29/30
      Rows_DICOM                       image max V 0.293 | mean V 0.067 | max MI 0.0502 bits | sig classes 28/30
      ExposureTime                     image max V 0.292 | mean V 0.077 | max MI 0.0601 bits | sig classes 29/30
      Exposure_DICOM                   image max V 0.291 | mean V 0.075 | max MI 0.0594 bits | sig classes 29/30
      n_prior_states                   study max V 0.272 | mean V 0.056 | max MI 0.0419 bits | sig classes 20/30
      view_position                    image max V 0.266 | mean V 0.071 | max MI 0.0544 bits | sig classes 29/30
      ExposureInuAs_DICOM              image max V 0.262 | mean V 0.069 | max MI 0.0530 bits | sig classes 29/30
      XRayTubeCurrent_DICOM            image max V 0.258 | mean V 0.072 | max MI 0.0501 bits | sig classes 29/30
      WindowCenter_DICOM               image max V 0.254 | mean V 0.068 | max MI 0.0476 bits | sig classes 29/30
      WindowWidth_DICOM                image max V 0.239 | mean V 0.060 | max MI 0.0434 bits | sig classes 28/30
      Manufacturer_DICOM               image max V 0.236 | mean V 0.051 | max MI 0.0447 bits | sig classes 25/30
      Columns_DICOM                    image max V 0.234 | mean V 0.055 | max MI 0.0372 bits | sig classes 27/30
      sex                              study max V 0.133 | mean V 0.036 | max MI 0.0128 bits | sig classes 24/30
      study_year                       study max V 0.122 | mean V 0.035 | max MI 0.0072 bits | sig classes 24/30
      Modality_DICOM                   image max V 0.090 | mean V 0.020 | max MI 0.0036 bits | sig classes 22/30
      MethodProjection                 image max V 0.079 | mean V 0.022 | max MI 0.0057 bits | sig classes 23/30
      pediatric                        study max V 0.058 | mean V 0.011 | max MI 0.0014 bits | sig classes 14/30
      BitsStored_DICOM                 image max V 0.052 | mean V 0.014 | max MI 0.0019 bits | sig classes 22/30
    single-feature AUROC, age: aortic atheromatosis 0.816, aortic elongation 0.776, Normal 0.237, cardiomegaly 0.755, Hernia 0.753
    single-feature AUROC, gap_days: central venous catheter 0.161, Support Devices 0.180, Subcutaneous Emphysema 0.208, alveolar pattern 0.221, aortic atheromatosis 0.747
    single-feature AUROC, n_prior_states: central venous catheter 0.760, Support Devices 0.722, Subcutaneous Emphysema 0.678, alveolar pattern 0.675, pleural effusion 0.656

[2] metadata-only logistic, patient-grouped 5-fold CV on train images (held-out, macro over 30 classes)
    prevalence baseline: macro AP 0.0502, AUROC 0.5
    all                    macro AUROC 0.7600 | macro AP 0.1420
    only patient           macro AUROC 0.6540 | macro AP 0.0878
    only temporal          macro AUROC 0.5890 | macro AP 0.0897
    only view              macro AUROC 0.5891 | macro AP 0.0821
    only acquisition       macro AUROC 0.6594 | macro AP 0.0912
    all - patient          macro AUROC 0.6911 | macro AP 0.1159
    all - temporal         macro AUROC 0.7516 | macro AP 0.1302
    all - view             macro AUROC 0.7533 | macro AP 0.1386
    all - acquisition      macro AUROC 0.7287 | macro AP 0.1332

[3] persistence a = P(1|1) and onset b = P(1|0) by stratum of the later state | pairs 24180
    mean over classes with >= 30 prior positives in the stratum (pooled a over the same classes in brackets)
    sex      F              pairs  10990 | classes 26 | mean a 0.468 [0.464] | mean b 0.0302 [0.0324]
    sex      M              pairs  13184 | classes 28 | mean a 0.459 [0.461] | mean b 0.0345 [0.0324]
    sex      U              pairs      6 | skipped (< 200 pairs)
    age_band 50-69          pairs   9014 | classes 26 | mean a 0.454 [0.464] | mean b 0.0301 [0.0324]
    age_band 70-79          pairs   6758 | classes 25 | mean a 0.468 [0.474] | mean b 0.0376 [0.0324]
    age_band <50            pairs   4436 | classes 17 | mean a 0.503 [0.487] | mean b 0.0218 [0.0324]
    age_band >=80           pairs   3970 | classes 24 | mean a 0.454 [0.467] | mean b 0.0450 [0.0324]
    age_band NA             pairs      2 | skipped (< 200 pairs)
    acuity   AP             pairs   1427 | classes 15 | mean a 0.468 [0.534] | mean b 0.0453 [0.0324]
    acuity   AP_horizontal  pairs   6084 | classes 26 | mean a 0.388 [0.464] | mean b 0.0457 [0.0324]
    acuity   PA/L           pairs  16669 | classes 28 | mean a 0.439 [0.461] | mean b 0.0299 [0.0324]
    gap      31-365d        pairs   7136 | classes 24 | mean a 0.438 [0.467] | mean b 0.0299 [0.0324]
    gap      <=30d          pairs   9123 | classes 26 | mean a 0.450 [0.464] | mean b 0.0375 [0.0324]
    gap      >365d          pairs   7921 | classes 24 | mean a 0.402 [0.467] | mean b 0.0341 [0.0324]

[5] incremental value over the image model on val: per-class stacking a_c logit p + b_c + gamma_c phi,
    fitted on one patient half, scored on the other (both directions); paired patient-clustered bootstrap
    s42 + patient                            base 0.4650 -> 0.4424 | d -0.0228 [-0.0370, -0.0099]
    s42 + view                               base 0.4650 -> 0.4415 | d -0.0238 [-0.0391, -0.0107]
    s42 + acquisition                        base 0.4650 -> 0.4401 | d -0.0252 [-0.0408, -0.0123]
    s42 + patient+view+acquisition           base 0.4650 -> 0.4361 | d -0.0293 [-0.0453, -0.0161]
    ens + patient                            base 0.4722 -> 0.4486 | d -0.0233 [-0.0374, -0.0118]
    ens + view                               base 0.4722 -> 0.4481 | d -0.0237 [-0.0387, -0.0123]
    ens + acquisition                        base 0.4722 -> 0.4443 | d -0.0270 [-0.0422, -0.0149]
    ens + patient+view+acquisition           base 0.4722 -> 0.4390 | d -0.0322 [-0.0486, -0.0197]

wrote /home/psytp7/ISBI_2026/analysis/out/metadata_eda/eda.json, /home/psytp7/ISBI_2026/analysis/out/metadata_eda/assoc.csv, figures in /home/psytp7/ISBI_2026/analysis/out/metadata_eda/figures
